ST7565.c:19:6:ST7565_Select	8	static
ST7565.c:36:6:ST7565_Unselect	8	static
ST7565.c:54:6:ST7565_Reset	8	static
ST7565.c:63:6:ST7565_w_dat	16	static
ST7565.c:136:6:ST7565_w_cmd	16	static
ST7565.c:221:6:ST7565_Display_fill	24	static
ST7565.c:242:6:ST7565_Init	8	static
ST7565.c:300:6:ST7565_Clear	16	static
ST7565.c:325:6:ST7565_Draw_pixel	24	static
ST7565.c:355:6:ST7565_InvertDisplay	16	static
ST7565.c:370:6:ST7565_DisplayOnOff	16	static
ST7565.c:384:6:ST7565_DrawBitmap	32	static
ST7565.c:407:6:ST7565_DrawChar	40	static
ST7565.c:485:6:ST7565_Print	40	static
ST7565.c:539:6:ST7565_DrawLine	40	static
ST7565.c:624:6:ST7565_DrawRectangle	32	static
ST7565.c:649:6:ST7565_DrawFilledRectangle	40	static
ST7565.c:677:6:ST7565_DrawTriangle	32	static
ST7565.c:684:6:ST7565_DrawFilledTriangle	64	static
ST7565.c:741:6:ST7565_DrawCircle	40	static
ST7565.c:776:6:ST7565_DrawFilledCircle	48	static
